
D:\AndroidStudioProjects\DexWorkspaceTouch-VDM-012>if "Windows_NT" == "Windows_NT" setlocal

D:\AndroidStudioProjects\DexWorkspaceTouch-VDM-012>set DIRNAME=D:\AndroidStudioProjects\DexWorkspaceTouch-VDM-012\ 

D:\AndroidStudioProjects\DexWorkspaceTouch-VDM-012>if "D:\AndroidStudioProjects\DexWorkspaceTouch-VDM-012\" == "" set DIRNAME=. 

D:\AndroidStudioProjects\DexWorkspaceTouch-VDM-012>set APP_BASE_NAME=gradlew 

D:\AndroidStudioProjects\DexWorkspaceTouch-VDM-012>set APP_HOME=D:\AndroidStudioProjects\DexWorkspaceTouch-VDM-012\ 

D:\AndroidStudioProjects\DexWorkspaceTouch-VDM-012>for %i in ("D:\AndroidStudioProjects\DexWorkspaceTouch-VDM-012\") do set APP_HOME=%~fi 

D:\AndroidStudioProjects\DexWorkspaceTouch-VDM-012>set APP_HOME=D:\AndroidStudioProjects\DexWorkspaceTouch-VDM-012\ 

D:\AndroidStudioProjects\DexWorkspaceTouch-VDM-012>set DEFAULT_JVM_OPTS="-Xmx64m" "-Xms64m" 

D:\AndroidStudioProjects\DexWorkspaceTouch-VDM-012>if defined JAVA_HOME goto findJavaFromJavaHome 

D:\AndroidStudioProjects\DexWorkspaceTouch-VDM-012>set JAVA_HOME=C:\Program Files\Android\Android Studio\jbr 

D:\AndroidStudioProjects\DexWorkspaceTouch-VDM-012>set JAVA_EXE=C:\Program Files\Android\Android Studio\jbr/bin/java.exe 

D:\AndroidStudioProjects\DexWorkspaceTouch-VDM-012>if exist "C:\Program Files\Android\Android Studio\jbr/bin/java.exe" goto execute 

D:\AndroidStudioProjects\DexWorkspaceTouch-VDM-012>set CLASSPATH= 

D:\AndroidStudioProjects\DexWorkspaceTouch-VDM-012>"C:\Program Files\Android\Android Studio\jbr/bin/java.exe" "-Xmx64m" "-Xms64m"   "-Dorg.gradle.appname=gradlew" -classpath "" -jar "D:\AndroidStudioProjects\DexWorkspaceTouch-VDM-012\\gradle\wrapper\gradle-wrapper.jar" :app:compileDebugKotlin --console=plain 
> Task :app:preBuild UP-TO-DATE
> Task :app:preDebugBuild UP-TO-DATE
> Task :app:compileDebugAidl UP-TO-DATE
> Task :app:generateDebugBuildConfig UP-TO-DATE
> Task :app:generateDebugResources UP-TO-DATE
> Task :app:packageDebugResources UP-TO-DATE
> Task :app:processDebugNavigationResources UP-TO-DATE
> Task :app:parseDebugLocalResources UP-TO-DATE
> Task :app:generateDebugRFile UP-TO-DATE
> Task :app:kspDebugKotlin UP-TO-DATE

> Task :app:compileDebugKotlin FAILED
e: file:///D:/AndroidStudioProjects/DexWorkspaceTouch-VDM-012/app/src/main/java/com/trancong/dexworkspacetouch/diagnostics/embedded/EmbeddedEvidence.kt:4:19 Unresolved reference 'ServiceSpecificException'.
e: file:///D:/AndroidStudioProjects/DexWorkspaceTouch-VDM-012/app/src/main/java/com/trancong/dexworkspacetouch/diagnostics/embedded/EmbeddedEvidence.kt:48:26 Unresolved reference 'ServiceSpecificException'.
e: file:///D:/AndroidStudioProjects/DexWorkspaceTouch-VDM-012/app/src/main/java/com/trancong/dexworkspacetouch/diagnostics/embedded/EmbeddedEvidence.kt:48:84 Unresolved reference 'ServiceSpecificException'.
e: file:///D:/AndroidStudioProjects/DexWorkspaceTouch-VDM-012/app/src/main/java/com/trancong/dexworkspacetouch/diagnostics/embedded/EmbeddedEvidence.kt:48:110 Unresolved reference 'errorCode'.

FAILURE: Build failed with an exception.

* What went wrong:
Execution failed for task ':app:compileDebugKotlin'.
> A failure occurred while executing org.jetbrains.kotlin.compilerRunner.GradleCompilerRunnerWithWorkers$GradleKotlinCompilerWorkAction
   > Compilation error. See log for more details

* Try:
> Run with --stacktrace option to get the stack trace.
> Run with --info or --debug option to get more log output.
> Run with --scan to get full insights from a Build Scan (powered by Develocity).
> Get more help at https://help.gradle.org.

BUILD FAILED in 3s
9 actionable tasks: 1 executed, 8 up-to-date

D:\AndroidStudioProjects\DexWorkspaceTouch-VDM-012>if 1 EQU 0 goto mainEnd 

D:\AndroidStudioProjects\DexWorkspaceTouch-VDM-012>rem Set variable GRADLE_EXIT_CONSOLE if you need the _script_ return code instead of 

D:\AndroidStudioProjects\DexWorkspaceTouch-VDM-012>rem the _cmd.exe /c_ return code! 

D:\AndroidStudioProjects\DexWorkspaceTouch-VDM-012>set EXIT_CODE=1 

D:\AndroidStudioProjects\DexWorkspaceTouch-VDM-012>if 1 EQU 0 set EXIT_CODE=1 

D:\AndroidStudioProjects\DexWorkspaceTouch-VDM-012>if not "" == "" exit 1 

D:\AndroidStudioProjects\DexWorkspaceTouch-VDM-012>exit /b 1 
