
D:\AndroidStudioProjects\DexWorkspaceTouch-VDM-012>if "Windows_NT" == "Windows_NT" setlocal

D:\AndroidStudioProjects\DexWorkspaceTouch-VDM-012>set DIRNAME=D:\AndroidStudioProjects\DexWorkspaceTouch-VDM-012\ 

D:\AndroidStudioProjects\DexWorkspaceTouch-VDM-012>if "D:\AndroidStudioProjects\DexWorkspaceTouch-VDM-012\" == "" set DIRNAME=. 

D:\AndroidStudioProjects\DexWorkspaceTouch-VDM-012>set APP_BASE_NAME=gradlew 

D:\AndroidStudioProjects\DexWorkspaceTouch-VDM-012>set APP_HOME=D:\AndroidStudioProjects\DexWorkspaceTouch-VDM-012\ 

D:\AndroidStudioProjects\DexWorkspaceTouch-VDM-012>for %i in ("D:\AndroidStudioProjects\DexWorkspaceTouch-VDM-012\") do set APP_HOME=%~fi 

D:\AndroidStudioProjects\DexWorkspaceTouch-VDM-012>set APP_HOME=D:\AndroidStudioProjects\DexWorkspaceTouch-VDM-012\ 

D:\AndroidStudioProjects\DexWorkspaceTouch-VDM-012>set DEFAULT_JVM_OPTS="-Xmx64m" "-Xms64m" 

D:\AndroidStudioProjects\DexWorkspaceTouch-VDM-012>if defined JAVA_HOME goto findJavaFromJavaHome 

D:\AndroidStudioProjects\DexWorkspaceTouch-VDM-012>set JAVA_HOME=C:/Program Files/Android/Android Studio/jbr 

D:\AndroidStudioProjects\DexWorkspaceTouch-VDM-012>set JAVA_EXE=C:/Program Files/Android/Android Studio/jbr/bin/java.exe 

D:\AndroidStudioProjects\DexWorkspaceTouch-VDM-012>if exist "C:/Program Files/Android/Android Studio/jbr/bin/java.exe" goto execute 

D:\AndroidStudioProjects\DexWorkspaceTouch-VDM-012>set CLASSPATH= 

D:\AndroidStudioProjects\DexWorkspaceTouch-VDM-012>"C:/Program Files/Android/Android Studio/jbr/bin/java.exe" "-Xmx64m" "-Xms64m"   "-Dorg.gradle.appname=gradlew" -classpath "" -jar "D:\AndroidStudioProjects\DexWorkspaceTouch-VDM-012\\gradle\wrapper\gradle-wrapper.jar" :app:testDebugUnitTest :app:assembleDebug :app:lintDebug --offline --console=plain 
> Task :app:preBuild UP-TO-DATE
> Task :app:preDebugBuild UP-TO-DATE
> Task :app:compileDebugAidl UP-TO-DATE
> Task :app:generateDebugBuildConfig UP-TO-DATE
> Task :app:generateDebugResources UP-TO-DATE
> Task :app:packageDebugResources UP-TO-DATE
> Task :app:processDebugNavigationResources UP-TO-DATE
> Task :app:parseDebugLocalResources UP-TO-DATE
> Task :app:generateDebugRFile UP-TO-DATE
> Task :app:kspDebugKotlin UP-TO-DATE
> Task :app:compileDebugKotlin UP-TO-DATE
> Task :app:javaPreCompileDebug UP-TO-DATE
> Task :app:compileDebugJavaWithJavac UP-TO-DATE
> Task :app:checkDebugAarMetadata UP-TO-DATE
> Task :app:mapDebugSourceSetPaths UP-TO-DATE
> Task :app:compileDebugNavigationResources UP-TO-DATE
> Task :app:mergeDebugResources UP-TO-DATE
> Task :app:createDebugCompatibleScreenManifests UP-TO-DATE
> Task :app:extractDeepLinksDebug UP-TO-DATE
> Task :app:processDebugMainManifest UP-TO-DATE
> Task :app:processDebugManifest UP-TO-DATE
> Task :app:processDebugManifestForPackage UP-TO-DATE
> Task :app:processDebugResources UP-TO-DATE
> Task :app:bundleDebugClassesToRuntimeJar UP-TO-DATE
> Task :app:bundleDebugClassesToCompileJar UP-TO-DATE
> Task :app:kspDebugUnitTestKotlin UP-TO-DATE
> Task :app:preDebugUnitTestBuild UP-TO-DATE
> Task :app:compileDebugUnitTestKotlin UP-TO-DATE
> Task :app:javaPreCompileDebugUnitTest UP-TO-DATE
> Task :app:compileDebugUnitTestJavaWithJavac NO-SOURCE
> Task :app:processDebugJavaRes UP-TO-DATE
> Task :app:processDebugUnitTestJavaRes UP-TO-DATE
> Task :app:testDebugUnitTest
> Task :app:mergeDebugNativeDebugMetadata NO-SOURCE
> Task :app:generateDebugAssets UP-TO-DATE
> Task :app:mergeDebugAssets UP-TO-DATE
> Task :app:compressDebugAssets UP-TO-DATE
> Task :app:generateDebugGlobalSynthetics UP-TO-DATE
> Task :app:mergeDebugJavaResource UP-TO-DATE
> Task :app:checkDebugDuplicateClasses UP-TO-DATE
> Task :app:desugarDebugFileDependencies UP-TO-DATE
> Task :app:mergeExtDexDebug UP-TO-DATE
> Task :app:mergeLibDexDebug UP-TO-DATE
> Task :app:dexBuilderDebug
> Task :app:mergeDebugJniLibFolders UP-TO-DATE
> Task :app:mergeDebugNativeLibs UP-TO-DATE
> Task :app:stripDebugDebugSymbols UP-TO-DATE
> Task :app:validateSigningDebug UP-TO-DATE
> Task :app:writeDebugAppMetadata UP-TO-DATE
> Task :app:writeDebugSigningConfigVersions UP-TO-DATE
> Task :app:preDebugAndroidTestBuild SKIPPED
> Task :app:generateDebugAndroidTestLintModel
> Task :app:extractProguardFiles UP-TO-DATE
> Task :app:generateDebugLintReportModel
> Task :app:mergeProjectDexDebug
> Task :app:generateDebugUnitTestLintModel
> Task :app:packageDebug
> Task :app:createDebugApkListingFileRedirect UP-TO-DATE
> Task :app:assembleDebug
> Task :app:lintAnalyzeDebugAndroidTest
> Task :app:lintAnalyzeDebug
> Task :app:lintAnalyzeDebugUnitTest

> Task :app:lintReportDebug
Wrote HTML report to file:///D:/AndroidStudioProjects/DexWorkspaceTouch-VDM-012/app/build/reports/lint-results-debug.html

> Task :app:lintDebug

BUILD SUCCESSFUL in 3m 8s
56 actionable tasks: 12 executed, 44 up-to-date
Consider enabling configuration cache to speed up this build: https://docs.gradle.org/9.4.1/userguide/configuration_cache_enabling.html

D:\AndroidStudioProjects\DexWorkspaceTouch-VDM-012>if 0 EQU 0 goto mainEnd 

D:\AndroidStudioProjects\DexWorkspaceTouch-VDM-012>if "Windows_NT" == "Windows_NT" endlocal
